!***************  CORE CONTRIBUTION  ******************************************************** 

!**** OSGi
plugin@org.eclipse.osgi=R34x_v20091203,:pserver:anonymous@dev.eclipse.org:/cvsroot/rt,,org.eclipse.equinox/framework/bundles/org.eclipse.osgi
plugin@org.eclipse.osgi.services=v20071203,:pserver:anonymous@dev.eclipse.org:/cvsroot/rt,,org.eclipse.equinox/compendium/bundles/org.eclipse.osgi.services
plugin@org.eclipse.osgi.util=v20080303,:pserver:anonymous@dev.eclipse.org:/cvsroot/rt,,org.eclipse.equinox/compendium/bundles/org.eclipse.osgi.util

!**** Equinox
plugin@org.eclipse.equinox.common=v20080421-2006,:pserver:anonymous@dev.eclipse.org:/cvsroot/rt,,org.eclipse.equinox/components/bundles/org.eclipse.equinox.common
plugin@org.eclipse.equinox.preferences=R34x_v20080709,:pserver:anonymous@dev.eclipse.org:/cvsroot/rt,,org.eclipse.equinox/compendium/bundles/org.eclipse.equinox.preferences
plugin@org.eclipse.equinox.registry=v20080516-0950,:pserver:anonymous@dev.eclipse.org:/cvsroot/rt,,org.eclipse.equinox/components/bundles/org.eclipse.equinox.registry
plugin@org.eclipse.equinox.supplement=v20080421-2006,:pserver:anonymous@dev.eclipse.org:/cvsroot/rt,,org.eclipse.equinox/framework/bundles/org.eclipse.osgi/supplement
plugin@org.eclipse.equinox.app=R34x_v20091203,:pserver:anonymous@dev.eclipse.org:/cvsroot/rt,,org.eclipse.equinox/compendium/bundles/org.eclipse.equinox.app
plugin@org.eclipse.equinox.device=v20080303,:pserver:anonymous@dev.eclipse.org:/cvsroot/rt,,org.eclipse.equinox/compendium/bundles/org.eclipse.equinox.device
plugin@org.eclipse.equinox.event=v20080225,:pserver:anonymous@dev.eclipse.org:/cvsroot/rt,,org.eclipse.equinox/compendium/bundles/org.eclipse.equinox.event
plugin@org.eclipse.equinox.http=v20080421-2006,:pserver:anonymous@dev.eclipse.org:/cvsroot/rt,,org.eclipse.equinox/compendium/bundles/org.eclipse.equinox.http
plugin@org.eclipse.equinox.log=v20080414,:pserver:anonymous@dev.eclipse.org:/cvsroot/rt,,org.eclipse.equinox/compendium/bundles/org.eclipse.equinox.log
plugin@org.eclipse.equinox.metatype=v20070827,:pserver:anonymous@dev.eclipse.org:/cvsroot/rt,,org.eclipse.equinox/compendium/bundles/org.eclipse.equinox.metatype
plugin@org.eclipse.equinox.useradmin=R34x_v20090107-1200,:pserver:anonymous@dev.eclipse.org:/cvsroot/rt,,org.eclipse.equinox/compendium/bundles/org.eclipse.equinox.useradmin
plugin@org.eclipse.equinox.http.jetty,2.0.0=v20080425,:pserver:anonymous@dev.eclipse.org:/cvsroot/rt,,org.eclipse.equinox/compendium/bundles/org.eclipse.equinox.http.jetty6
plugin@org.eclipse.equinox.http.jetty,1.1.0=v20080425,:pserver:anonymous@dev.eclipse.org:/cvsroot/rt,,org.eclipse.equinox/compendium/bundles/org.eclipse.equinox.http.jetty5
plugin@org.eclipse.equinox.http.servlet=v20080427-0830,:pserver:anonymous@dev.eclipse.org:/cvsroot/rt,,org.eclipse.equinox/compendium/bundles/org.eclipse.equinox.http.servlet
plugin@org.eclipse.equinox.http.servletbridge=v20080427-0830,:pserver:anonymous@dev.eclipse.org:/cvsroot/rt,,org.eclipse.equinox/server-side/bundles/org.eclipse.equinox.http.servletbridge
plugin@org.eclipse.equinox.http.registry=v20080427-0830,:pserver:anonymous@dev.eclipse.org:/cvsroot/rt,,org.eclipse.equinox/server-side/bundles/org.eclipse.equinox.http.registry
plugin@org.eclipse.equinox.servletbridge=R34x_v20090114-1346,:pserver:anonymous@dev.eclipse.org:/cvsroot/rt,,org.eclipse.equinox/server-side/bundles/org.eclipse.equinox.servletbridge
bundle@org.eclipse.equinox.jsp.jasper=R34x_v20091126,:pserver:anonymous@dev.eclipse.org:/cvsroot/rt,,org.eclipse.equinox/server-side/bundles/org.eclipse.equinox.jsp.jasper
bundle@org.eclipse.equinox.jsp.jasper.registry=v20080427-0830,:pserver:anonymous@dev.eclipse.org:/cvsroot/rt,,org.eclipse.equinox/server-side/bundles/org.eclipse.equinox.jsp.jasper.registry
plugin@org.eclipse.equinox.cm=R34x_v20090107-1200,:pserver:anonymous@dev.eclipse.org:/cvsroot/rt,,org.eclipse.equinox/compendium/bundles/org.eclipse.equinox.cm

!**** Prosyst Contributions
plugin@org.eclipse.equinox.ds=v20080427-0830,:pserver:anonymous@dev.eclipse.org:/cvsroot/rt,,org.eclipse.equinox/compendium/bundles/org.eclipse.equinox.ds
plugin@org.eclipse.equinox.io=v20080218,:pserver:anonymous@dev.eclipse.org:/cvsroot/rt,,org.eclipse.equinox/compendium/bundles/org.eclipse.equinox.io
plugin@org.eclipse.equinox.ip=v20080218,:pserver:anonymous@dev.eclipse.org:/cvsroot/rt,,org.eclipse.equinox/compendium/bundles/org.eclipse.equinox.ip
plugin@org.eclipse.equinox.util=v20080414,:pserver:anonymous@dev.eclipse.org:/cvsroot/rt,,org.eclipse.equinox/compendium/bundles/org.eclipse.equinox.util
plugin@org.eclipse.equinox.wireadmin=v20080407,:pserver:anonymous@dev.eclipse.org:/cvsroot/rt,,org.eclipse.equinox/compendium/bundles/org.eclipse.equinox.wireadmin

!**** Security Contributions
plugin@org.eclipse.equinox.security=R34x_v20080721,:pserver:anonymous@dev.eclipse.org:/cvsroot/rt,,org.eclipse.equinox/security/bundles/org.eclipse.equinox.security
plugin@org.eclipse.equinox.security.tests=R34x_v20080721,:pserver:anonymous@dev.eclipse.org:/cvsroot/rt,,org.eclipse.equinox/security/bundles/org.eclipse.equinox.security.tests
plugin@org.eclipse.equinox.security.ui=v20080603-1810,:pserver:anonymous@dev.eclipse.org:/cvsroot/rt,,org.eclipse.equinox/security/bundles/org.eclipse.equinox.security.ui
fragment@org.eclipse.equinox.security.win32.x86=v20080529-1600,:pserver:anonymous@dev.eclipse.org:/cvsroot/rt,,org.eclipse.equinox/security/bundles/org.eclipse.equinox.security.win32.x86
fragment@org.eclipse.equinox.security.macosx=v20080602-2000,:pserver:anonymous@dev.eclipse.org:/cvsroot/rt,,org.eclipse.equinox/security/bundles/org.eclipse.equinox.security.macosx
!**** Transforms
plugin@org.eclipse.equinox.transforms.xslt=v20080610,:pserver:anonymous@dev.eclipse.org:/cvsroot/rt,,org.eclipse.equinox/components/bundles/org.eclipse.equinox.transforms.xslt
fragment@org.eclipse.equinox.transforms.hook=v20080610,:pserver:anonymous@dev.eclipse.org:/cvsroot/rt,,org.eclipse.equinox/components/bundles/org.eclipse.equinox.transforms.hook


!****launcher, startup.jar
plugin@org.eclipse.equinox.launcher=R34x_v20081125,:pserver:anonymous@dev.eclipse.org:/cvsroot/rt,,org.eclipse.equinox/framework/bundles/org.eclipse.equinox.launcher
fragment@org.eclipse.equinox.launcher.win32.win32.x86=R34x_v20080731,:pserver:anonymous@dev.eclipse.org:/cvsroot/rt,,org.eclipse.equinox/framework/bundles/org.eclipse.equinox.launcher/fragments/org.eclipse.equinox.launcher.win32.win32.x86
fragment@org.eclipse.equinox.launcher.win32.win32.x86_64=R34x_v20080731,:pserver:anonymous@dev.eclipse.org:/cvsroot/rt,,org.eclipse.equinox/framework/bundles/org.eclipse.equinox.launcher/fragments/org.eclipse.equinox.launcher.win32.win32.x86_64
fragment@org.eclipse.equinox.launcher.win32.win32.ia64=R34x_v20080731,:pserver:anonymous@dev.eclipse.org:/cvsroot/rt,,org.eclipse.equinox/framework/bundles/org.eclipse.equinox.launcher/fragments/org.eclipse.equinox.launcher.win32.win32.ia64
fragment@org.eclipse.equinox.launcher.wpf.win32.x86=R34x_v20080731,:pserver:anonymous@dev.eclipse.org:/cvsroot/rt,,org.eclipse.equinox/framework/bundles/org.eclipse.equinox.launcher/fragments/org.eclipse.equinox.launcher.wpf.win32.x86
fragment@org.eclipse.equinox.launcher.carbon.macosx=R34x_v20080731,:pserver:anonymous@dev.eclipse.org:/cvsroot/rt,,org.eclipse.equinox/framework/bundles/org.eclipse.equinox.launcher/fragments/org.eclipse.equinox.launcher.carbon.macosx
fragment@org.eclipse.equinox.launcher.gtk.linux.x86=R34x_v20080805,:pserver:anonymous@dev.eclipse.org:/cvsroot/rt,,org.eclipse.equinox/framework/bundles/org.eclipse.equinox.launcher/fragments/org.eclipse.equinox.launcher.gtk.linux.x86
fragment@org.eclipse.equinox.launcher.gtk.linux.x86_64=R34x_v20080731,:pserver:anonymous@dev.eclipse.org:/cvsroot/rt,,org.eclipse.equinox/framework/bundles/org.eclipse.equinox.launcher/fragments/org.eclipse.equinox.launcher.gtk.linux.x86_64
fragment@org.eclipse.equinox.launcher.gtk.linux.ppc=R34x_v20080731,:pserver:anonymous@dev.eclipse.org:/cvsroot/rt,,org.eclipse.equinox/framework/bundles/org.eclipse.equinox.launcher/fragments/org.eclipse.equinox.launcher.gtk.linux.ppc
fragment@org.eclipse.equinox.launcher.motif.hpux.PA_RISC=v20080303,:pserver:anonymous@dev.eclipse.org:/cvsroot/rt,,org.eclipse.equinox/framework/bundles/org.eclipse.equinox.launcher/fragments/org.eclipse.equinox.launcher.motif.hpux.PA_RISC
fragment@org.eclipse.equinox.launcher.motif.hpux.ia64_32=R34x_v20081125,:pserver:anonymous@dev.eclipse.org:/cvsroot/rt,,org.eclipse.equinox/framework/bundles/org.eclipse.equinox.launcher/fragments/org.eclipse.equinox.launcher.motif.hpux.ia64_32
fragment@org.eclipse.equinox.launcher.motif.aix.ppc=R34x_v20080731,:pserver:anonymous@dev.eclipse.org:/cvsroot/rt,,org.eclipse.equinox/framework/bundles/org.eclipse.equinox.launcher/fragments/org.eclipse.equinox.launcher.motif.aix.ppc
fragment@org.eclipse.equinox.launcher.motif.linux.x86=R34x_v20080805,:pserver:anonymous@dev.eclipse.org:/cvsroot/rt,,org.eclipse.equinox/framework/bundles/org.eclipse.equinox.launcher/fragments/org.eclipse.equinox.launcher.motif.linux.x86
fragment@org.eclipse.equinox.launcher.gtk.solaris.sparc=R34x_v20080731,:pserver:anonymous@dev.eclipse.org:/cvsroot/rt,,org.eclipse.equinox/framework/bundles/org.eclipse.equinox.launcher/fragments/org.eclipse.equinox.launcher.gtk.solaris.sparc

fragment@org.eclipse.equinox.launcher.win32.win32.ia64=R34x_v20080731,:pserver:anonymous@dev.eclipse.org:/cvsroot/rt,,org.eclipse.equinox/framework/bundles/org.eclipse.equinox.launcher/fragments/org.eclipse.equinox.launcher.win32.win32.ia64
!****contributed fragments
fragment@org.eclipse.equinox.launcher.gtk.linux.s390=v20080303,:pserver:anonymous@dev.eclipse.org:/cvsroot/rt,,org.eclipse.equinox/framework/bundles/org.eclipse.equinox.launcher/contributed/org.eclipse.equinox.launcher.gtk.linux.s390
fragment@org.eclipse.equinox.launcher.gtk.linux.s390x=v20080303,:pserver:anonymous@dev.eclipse.org:/cvsroot/rt,,org.eclipse.equinox/framework/bundles/org.eclipse.equinox.launcher/contributed/org.eclipse.equinox.launcher.gtk.linux.s390x
fragment@org.eclipse.equinox.launcher.gtk.solaris.x86=HEAD,:pserver:anonymous@dev.eclipse.org:/cvsroot/rt,,org.eclipse.equinox/framework/bundles/org.eclipse.equinox.launcher/contributed/org.eclipse.equinox.launcher.gtk.solaris.x86
fragment@org.eclipse.equinox.launcher.motif.solaris.sparc=R34x_v20080731,:pserver:anonymous@dev.eclipse.org:/cvsroot/rt,,org.eclipse.equinox/framework/bundles/org.eclipse.equinox.launcher/fragments/org.eclipse.equinox.launcher.motif.solaris.sparc

feature@org.eclipse.equinox.executable=R34x_v20081125,:pserver:anonymous@dev.eclipse.org:/cvsroot/rt,,org.eclipse.equinox/framework/bundles/org.eclipse.equinox.executable

!**** Runtime
plugin@org.eclipse.core.runtime=v20080512,:pserver:anonymous@dev.eclipse.org:/cvsroot/eclipse,
plugin@org.eclipse.core.contenttype=R34x_v20090825-1137,:pserver:anonymous@dev.eclipse.org:/cvsroot/eclipse,
plugin@org.eclipse.core.jobs=R34x_v20081128,:pserver:anonymous@dev.eclipse.org:/cvsroot/eclipse,

!**** Resources
plugin@org.eclipse.core.resources=R34x_v20100301-0200,:pserver:anonymous@dev.eclipse.org:/cvsroot/eclipse,
fragment@org.eclipse.core.resources.win32=v20080508,:pserver:anonymous@dev.eclipse.org:/cvsroot/eclipse,
fragment@org.eclipse.core.resources.win32.x86=v20071204,:pserver:anonymous@dev.eclipse.org:/cvsroot/eclipse,
fragment@org.eclipse.core.resources.win32.ia64=v20071204,:pserver:anonymous@dev.eclipse.org:/cvsroot/eclipse,
fragment@org.eclipse.core.resources.compatibility=v20080604-1400,:pserver:anonymous@dev.eclipse.org:/cvsroot/eclipse,

!**** File System
plugin@org.eclipse.core.filesystem=R34x_v20091112-1245,:pserver:anonymous@dev.eclipse.org:/cvsroot/eclipse,
fragment@org.eclipse.core.filesystem.win32.x86=v20080604-1400,:pserver:anonymous@dev.eclipse.org:/cvsroot/eclipse,
fragment@org.eclipse.core.filesystem.win32.ia64=v20071121,:pserver:anonymous@dev.eclipse.org:/cvsroot/eclipse,
fragment@org.eclipse.core.filesystem.linux.x86=v20080604-1400,:pserver:anonymous@dev.eclipse.org:/cvsroot/eclipse,
fragment@org.eclipse.core.filesystem.linux.x86_64=v20080604-1400,:pserver:anonymous@dev.eclipse.org:/cvsroot/eclipse,
fragment@org.eclipse.core.filesystem.linux.ppc=v20080604-1400,:pserver:anonymous@dev.eclipse.org:/cvsroot/eclipse,
fragment@org.eclipse.core.filesystem.solaris.sparc=v20080604-1400,:pserver:anonymous@dev.eclipse.org:/cvsroot/eclipse,

!**** Legacy Runtime
plugin@org.eclipse.core.boot=v20080218,:pserver:anonymous@dev.eclipse.org:/cvsroot/eclipse,
plugin@org.eclipse.core.runtime.compatibility=v20071008,:pserver:anonymous@dev.eclipse.org:/cvsroot/eclipse,
plugin@org.eclipse.core.runtime.compatibility.auth=v20070502,:pserver:anonymous@dev.eclipse.org:/cvsroot/eclipse,
fragment@org.eclipse.core.runtime.compatibility.registry=v20080610,:pserver:anonymous@dev.eclipse.org:/cvsroot/eclipse,

!**** Other Core Code
plugin@org.eclipse.pde.build=R34x_v20081217,:pserver:anonymous@dev.eclipse.org:/cvsroot/eclipse,
plugin@org.eclipse.pde.build.tests=R34x_v20090112,:pserver:anonymous@dev.eclipse.org:/cvsroot/eclipse,
feature@org.eclipse.pde.builder=v20040624a,:pserver:anonymous@dev.eclipse.org:/cvsroot/eclipse,,org.eclipse.pde.build/feature

!**** Test Suites
plugin@org.eclipse.core.tests.harness=R34x_v20080826,:pserver:anonymous@dev.eclipse.org:/cvsroot/eclipse,
plugin@org.eclipse.core.tests.resources=R34x_v20091113-0430,:pserver:anonymous@dev.eclipse.org:/cvsroot/eclipse,
plugin@org.eclipse.core.tests.runtime=v20080613-1240,:pserver:anonymous@dev.eclipse.org:/cvsroot/eclipse,
plugin@org.eclipse.osgi.tests=R34x_v20081111-1800,:pserver:anonymous@dev.eclipse.org:/cvsroot/rt,,org.eclipse.equinox/framework/bundles/org.eclipse.osgi.tests