!***************  CORE CONTRIBUTION  ******************************************************** 

!**** OSGi
plugin@org.eclipse.osgi=r31x_v20060106,:pserver:anonymous@dev.eclipse.org:/cvsroot/eclipse,
plugin@org.eclipse.osgi.services=r31x_v20051214,:pserver:anonymous@dev.eclipse.org:/cvsroot/eclipse,
plugin@org.eclipse.osgi.util=r31x_v20050913,:pserver:anonymous@dev.eclipse.org:/cvsroot/eclipse,

!**** Runtime
plugin@org.eclipse.core.runtime=r31x_v20051027,:pserver:anonymous@dev.eclipse.org:/cvsroot/eclipse,

!**** Resources
plugin@org.eclipse.core.resources=r31x_v20051128,:pserver:anonymous@dev.eclipse.org:/cvsroot/eclipse,
fragment@org.eclipse.core.resources.win32=v20050609-1200,:pserver:anonymous@dev.eclipse.org:/cvsroot/eclipse,
fragment@org.eclipse.core.resources.linux=v20050512-1200,:pserver:anonymous@dev.eclipse.org:/cvsroot/eclipse,
fragment@org.eclipse.core.resources.compatibility=v20050526,:pserver:anonymous@dev.eclipse.org:/cvsroot/eclipse,

!**** Legacy Runtime
plugin@org.eclipse.core.boot=v20050526,:pserver:anonymous@dev.eclipse.org:/cvsroot/eclipse,
plugin@org.eclipse.core.runtime.compatibility=v20050623-1600,:pserver:anonymous@dev.eclipse.org:/cvsroot/eclipse,

!**** Other Core Code
plugin@org.eclipse.pde.build=r31x_v20060106,:pserver:anonymous@dev.eclipse.org:/cvsroot/eclipse,
feature@org.eclipse.pde.builder=v20040624a,:pserver:anonymous@dev.eclipse.org:/cvsroot/eclipse,,org.eclipse.pde.build/feature
plugin@org.eclipse.webdav=v20050623-1600,:pserver:anonymous@dev.eclipse.org:/cvsroot/eclipse,

!**** Test Suites
plugin@org.eclipse.core.tests.harness=v20050616,:pserver:anonymous@dev.eclipse.org:/cvsroot/eclipse,
plugin@org.eclipse.core.tests.resources=v20050616,:pserver:anonymous@dev.eclipse.org:/cvsroot/eclipse,
plugin@org.eclipse.core.tests.runtime=r31x_v20060410,:pserver:anonymous@dev.eclipse.org:/cvsroot/eclipse,
plugin@org.eclipse.osgi.tests=v20050609-1200,:pserver:anonymous@dev.eclipse.org:/cvsroot/eclipse,