!***************  FEATURE CONTRIBUTION  ******************************************************

feature@org.eclipse.jdt-feature=v20030521_R2_1_m, :pserver:anonymous@dev.eclipse.org:/home/eclipse,
feature@org.eclipse.jdt.source-feature=v20030521_R2_1_m, :pserver:anonymous@dev.eclipse.org:/home/eclipse,

feature@org.eclipse.jdt.macosx-feature=v20020917, :pserver:anonymous@dev.eclipse.org:/home/eclipse,
feature@org.eclipse.jdt.macosx.source-feature=v20020917, :pserver:anonymous@dev.eclipse.org:/home/eclipse,

feature@org.eclipse.pde-feature=v20020917, :pserver:anonymous@dev.eclipse.org:/home/eclipse,

feature@org.eclipse.platform-feature=r211_v20030528, :pserver:anonymous@dev.eclipse.org:/home/eclipse,
feature@org.eclipse.platform.source-feature=r211_v20030425, :pserver:anonymous@dev.eclipse.org:/home/eclipse,

feature@org.eclipse.platform.aix.motif-feature=r211_v20030428, :pserver:anonymous@dev.eclipse.org:/home/eclipse,
feature@org.eclipse.platform.aix.motif.source-feature=r211_v20030425a, :pserver:anonymous@dev.eclipse.org:/home/eclipse,

feature@org.eclipse.platform.hpux.motif-feature=r211_v20030428, :pserver:anonymous@dev.eclipse.org:/home/eclipse,
feature@org.eclipse.platform.hpux.motif.source-feature=r211_v20030425a, :pserver:anonymous@dev.eclipse.org:/home/eclipse,

feature@org.eclipse.platform.linux.gtk-feature=r211_v20030428, :pserver:anonymous@dev.eclipse.org:/home/eclipse,
feature@org.eclipse.platform.linux.gtk.source-feature=r211_v20030425a, :pserver:anonymous@dev.eclipse.org:/home/eclipse,

feature@org.eclipse.platform.linux.motif-feature=r211_v20030428, :pserver:anonymous@dev.eclipse.org:/home/eclipse,
feature@org.eclipse.platform.linux.motif.source-feature=r211_v20030425a, :pserver:anonymous@dev.eclipse.org:/home/eclipse,

feature@org.eclipse.platform.macosx.carbon-feature=r211_v20030428, :pserver:anonymous@dev.eclipse.org:/home/eclipse,
feature@org.eclipse.platform.macosx.carbon.source-feature=r211_v20030425a, :pserver:anonymous@dev.eclipse.org:/home/eclipse,

feature@org.eclipse.platform.qnx.photon-feature=r211_v20030428, :pserver:anonymous@dev.eclipse.org:/home/eclipse,
feature@org.eclipse.platform.qnx.photon.source-feature=r211_v20030425a, :pserver:anonymous@dev.eclipse.org:/home/eclipse,

feature@org.eclipse.platform.solaris.motif-feature=r211_v20030428, :pserver:anonymous@dev.eclipse.org:/home/eclipse,
feature@org.eclipse.platform.solaris.motif.source-feature=r211_v20030425a, :pserver:anonymous@dev.eclipse.org:/home/eclipse,

feature@org.eclipse.platform.win32-feature=r211_v20030428, :pserver:anonymous@dev.eclipse.org:/home/eclipse,
feature@org.eclipse.platform.win32.source-feature=r211_v20030425a, :pserver:anonymous@dev.eclipse.org:/home/eclipse,

plugin@org.eclipse.platform=r211_v20030425a, :pserver:anonymous@dev.eclipse.org:/home/eclipse,
plugin@org.eclipse.platform.source=r211_v20030425, :pserver:anonymous@dev.eclipse.org:/home/eclipse,

plugin@org.eclipse.platform.aix.motif=r211_v20030425a, :pserver:anonymous@dev.eclipse.org:/home/eclipse,
plugin@org.eclipse.platform.aix.motif.source=r211_v20030425a, :pserver:anonymous@dev.eclipse.org:/home/eclipse,

plugin@org.eclipse.platform.hpux.motif=r211_v20030425a, :pserver:anonymous@dev.eclipse.org:/home/eclipse,
plugin@org.eclipse.platform.hpux.motif.source=r211_v20030425a, :pserver:anonymous@dev.eclipse.org:/home/eclipse,

plugin@org.eclipse.platform.linux.gtk=r211_v20030425a, :pserver:anonymous@dev.eclipse.org:/home/eclipse,
plugin@org.eclipse.platform.linux.gtk.source=r211_v20030425a, :pserver:anonymous@dev.eclipse.org:/home/eclipse,

plugin@org.eclipse.platform.linux.motif=r211_v20030425a, :pserver:anonymous@dev.eclipse.org:/home/eclipse,
plugin@org.eclipse.platform.linux.motif.source=r211_v20030425a, :pserver:anonymous@dev.eclipse.org:/home/eclipse,

plugin@org.eclipse.platform.macosx.carbon=r211_v20030428, :pserver:anonymous@dev.eclipse.org:/home/eclipse,
plugin@org.eclipse.platform.macosx.carbon.source=r211_v20030425a, :pserver:anonymous@dev.eclipse.org:/home/eclipse,

plugin@org.eclipse.platform.qnx.photon=r211_v20030425a, :pserver:anonymous@dev.eclipse.org:/home/eclipse,
plugin@org.eclipse.platform.qnx.photon.source=r211_v20030425a, :pserver:anonymous@dev.eclipse.org:/home/eclipse,

plugin@org.eclipse.platform.solaris.motif=r211_v20030425a, :pserver:anonymous@dev.eclipse.org:/home/eclipse,
plugin@org.eclipse.platform.solaris.motif.source=r211_v20030425a, :pserver:anonymous@dev.eclipse.org:/home/eclipse,

plugin@org.eclipse.platform.win32=r211_v20030425a, :pserver:anonymous@dev.eclipse.org:/home/eclipse,
plugin@org.eclipse.platform.win32.source=r211_v20030425a, :pserver:anonymous@dev.eclipse.org:/home/eclipse,
