!***************  HELP CONTRIBUTION  ******************************************************** 

plugin@org.eclipse.help=v20040623,:pserver:anonymous@dev.eclipse.org:/home/eclipse,
plugin@org.eclipse.help.appserver=v20040624,:pserver:anonymous@dev.eclipse.org:/home/eclipse,
plugin@org.eclipse.help.base=r302_v20041208,:pserver:anonymous@dev.eclipse.org:/home/eclipse,
plugin@org.eclipse.help.ide=v20040623a,:pserver:anonymous@dev.eclipse.org:/home/eclipse,
plugin@org.eclipse.help.ui=r302_v20050310,:pserver:anonymous@dev.eclipse.org:/home/eclipse,

plugin@org.eclipse.help.webapp=r302_v20041208,:pserver:anonymous@dev.eclipse.org:/home/eclipse,
plugin@org.eclipse.tomcat=v20040623,:pserver:anonymous@dev.eclipse.org:/home/eclipse,
plugin@org.apache.lucene=r302_v20050127,:pserver:anonymous@dev.eclipse.org:/home/eclipse,

plugin@org.eclipse.help.tests=r301_v20040901,:pserver:anonymous@dev.eclipse.org:/home/eclipse,
plugin@org.eclipse.help.examples.ex1=v20031201,:pserver:anonymous@dev.eclipse.org:/home/eclipse,