!***************  DEBUG CONTRIBUTION  ******************************************************** 

plugin@org.eclipse.debug.core=HEAD,:pserver:anonymous@dev.eclipse.org:/cvsroot/eclipse,
plugin@org.eclipse.debug.ui=HEAD,:pserver:anonymous@dev.eclipse.org:/cvsroot/eclipse,
plugin@org.eclipse.jdt.debug=HEAD,:pserver:anonymous@dev.eclipse.org:/cvsroot/eclipse,
plugin@org.eclipse.jdt.debug.ui=HEAD,:pserver:anonymous@dev.eclipse.org:/cvsroot/eclipse,
plugin@org.eclipse.jdt.launching=HEAD,:pserver:anonymous@dev.eclipse.org:/cvsroot/eclipse,
plugin@org.eclipse.jdt.launching.macosx=HEAD,:pserver:anonymous@dev.eclipse.org:/cvsroot/eclipse,
plugin@org.eclipse.jdt.launching.ui.macosx=HEAD,:pserver:anonymous@dev.eclipse.org:/cvsroot/eclipse,

plugin@org.eclipse.ui.console=HEAD,:pserver:anonymous@dev.eclipse.org:/cvsroot/eclipse,

plugin@org.eclipse.jdt.debug.tests=HEAD,:pserver:anonymous@dev.eclipse.org:/cvsroot/eclipse,
plugin@org.eclipse.debug.tests=HEAD,:pserver:anonymous@dev.eclipse.org:/cvsroot/eclipse,

plugin@org.eclipse.debug.examples.core=HEAD,:pserver:anonymous@dev.eclipse.org:/cvsroot/eclipse,
plugin@org.eclipse.debug.examples.ui=HEAD,:pserver:anonymous@dev.eclipse.org:/cvsroot/eclipse,