!***************  DEBUG CONTRIBUTION  ******************************************************** 

plugin@org.eclipse.debug.core=v20091101_r342,:pserver:anonymous@dev.eclipse.org:/cvsroot/eclipse,
plugin@org.eclipse.debug.ui=v20100413_r342,:pserver:anonymous@dev.eclipse.org:/cvsroot/eclipse,
plugin@org.eclipse.jdt.debug=v20081216_r342,:pserver:anonymous@dev.eclipse.org:/cvsroot/eclipse,
plugin@org.eclipse.jdt.debug.ui=v20080730_r341,:pserver:anonymous@dev.eclipse.org:/cvsroot/eclipse,
plugin@org.eclipse.jdt.launching=v20100303_r342,:pserver:anonymous@dev.eclipse.org:/cvsroot/eclipse,
plugin@org.eclipse.jdt.launching.macosx=v20080422,:pserver:anonymous@dev.eclipse.org:/cvsroot/eclipse,

plugin@org.eclipse.ui.console=v20090128_r342,:pserver:anonymous@dev.eclipse.org:/cvsroot/eclipse,

plugin@org.eclipse.jdt.debug.tests=v20081031_r342,:pserver:anonymous@dev.eclipse.org:/cvsroot/eclipse,

plugin@org.eclipse.debug.examples.core=v20080303,:pserver:anonymous@dev.eclipse.org:/cvsroot/eclipse,
plugin@org.eclipse.debug.examples.ui=v20080529-1300,:pserver:anonymous@dev.eclipse.org:/cvsroot/eclipse,