!***************  JDT UI CONTRIBUTION  ******************************************************** 
plugin@org.eclipse.core.expressions=v20040625_1200,:pserver:anonymous@dev.eclipse.org:/home/eclipse,
plugin@org.eclipse.core.expressions.tests=v20040625_1200,:pserver:anonymous@dev.eclipse.org:/home/eclipse,

plugin@org.eclipse.jdt=r302_v20050112_0800,:pserver:anonymous@dev.eclipse.org:/home/eclipse,

plugin@org.eclipse.jdt.ui=r302_v20050311-0800,:pserver:anonymous@dev.eclipse.org:/home/eclipse,
plugin@org.eclipse.search=r301_v20040908,:pserver:anonymous@dev.eclipse.org:/home/eclipse,

plugin@org.eclipse.jdt.macosx=v20031111,:pserver:anonymous@dev.eclipse.org:/home/eclipse,

plugin@org.junit=v20040611_0800,:pserver:anonymous@dev.eclipse.org:/home/eclipse,
plugin@org.eclipse.jdt.junit=r301_v20040908,:pserver:anonymous@dev.eclipse.org:/home/eclipse,
plugin@org.eclipse.jdt.junit.runtime=r302_v20050204,:pserver:anonymous@dev.eclipse.org:/home/eclipse,

plugin@org.eclipse.jdt.ui.examples.projects=r301_v20040806,:pserver:anonymous@dev.eclipse.org:/home/eclipse,
plugin@org.eclipse.jdt.ui.tests=r301_v200407210800,:pserver:anonymous@dev.eclipse.org:/home/eclipse,
plugin@org.eclipse.jdt.ui.tests.refactoring=r302_v20050311-0800,:pserver:anonymous@dev.eclipse.org:/home/eclipse,

plugin@org.eclipse.ltk.core.refactoring=r301_v20040825,:pserver:anonymous@dev.eclipse.org:/home/eclipse,
plugin@org.eclipse.ltk.core.refactoring.tests=v20040625_1200,:pserver:anonymous@dev.eclipse.org:/home/eclipse,
plugin@org.eclipse.ltk.ui.refactoring=r301_v20040825,:pserver:anonymous@dev.eclipse.org:/home/eclipse,
plugin@org.eclipse.ltk.ui.refactoring.tests=v20040625_1200,:pserver:anonymous@dev.eclipse.org:/home/eclipse,