!***************  JDT UI CONTRIBUTION  ******************************************************** 
plugin@org.eclipse.core.expressions=v20070606-0010,:pserver:anonymous@dev.eclipse.org:/cvsroot/eclipse,
plugin@org.eclipse.core.expressions.tests=v20070606-0010,:pserver:anonymous@dev.eclipse.org:/cvsroot/eclipse,

plugin@org.eclipse.jdt=r33x_r20080129,:pserver:anonymous@dev.eclipse.org:/cvsroot/eclipse,

plugin@org.eclipse.jdt.ui=r332_20080128,:pserver:anonymous@dev.eclipse.org:/cvsroot/eclipse,
plugin@org.eclipse.search=r331_v20070831-0800,:pserver:anonymous@dev.eclipse.org:/cvsroot/eclipse,

#plugin@org.junit=v20061002,:pserver:anonymous@dev.eclipse.org:/cvsroot/eclipse,
plugin@org.junit4=v20070608,:pserver:anonymous@dev.eclipse.org:/cvsroot/eclipse,
plugin@org.eclipse.jdt.junit=r332_20080109-0800,:pserver:anonymous@dev.eclipse.org:/cvsroot/eclipse,
plugin@org.eclipse.jdt.junit.runtime=v20070606-0010,:pserver:anonymous@dev.eclipse.org:/cvsroot/eclipse,
plugin@org.eclipse.jdt.junit4.runtime=v20070606-0010,:pserver:anonymous@dev.eclipse.org:/cvsroot/eclipse,

plugin@org.eclipse.jdt.ui.examples.projects=v20070606-0010,:pserver:anonymous@dev.eclipse.org:/cvsroot/eclipse,
plugin@org.eclipse.jdt.ui.tests=r332_20080128,:pserver:anonymous@dev.eclipse.org:/cvsroot/eclipse,
plugin@org.eclipse.jdt.ui.tests.refactoring=r332_20080128,:pserver:anonymous@dev.eclipse.org:/cvsroot/eclipse,

plugin@org.eclipse.ltk.core.refactoring=r332_20080128,:pserver:anonymous@dev.eclipse.org:/cvsroot/eclipse,
plugin@org.eclipse.ltk.core.refactoring.tests=r332_20080128,:pserver:anonymous@dev.eclipse.org:/cvsroot/eclipse,
plugin@org.eclipse.ltk.ui.refactoring=r332_20080128,:pserver:anonymous@dev.eclipse.org:/cvsroot/eclipse,
plugin@org.eclipse.ltk.ui.refactoring.tests=v20070606-0010,:pserver:anonymous@dev.eclipse.org:/cvsroot/eclipse,

plugin@org.eclipse.jdt.core.manipulation=v20070606-0010,:pserver:anonymous@dev.eclipse.org:/cvsroot/eclipse,