!***************  JDT UI CONTRIBUTION  ******************************************************** 
plugin@org.eclipse.core.expressions=r342_v20090313,:pserver:anonymous@dev.eclipse.org:/cvsroot/eclipse,
plugin@org.eclipse.core.expressions.tests=r342_v20081212-0800,:pserver:anonymous@dev.eclipse.org:/cvsroot/eclipse,

plugin@org.eclipse.jdt=r342_v20090128,:pserver:anonymous@dev.eclipse.org:/cvsroot/eclipse,

plugin@org.eclipse.jdt.ui=r342_v20110118,:pserver:anonymous@dev.eclipse.org:/cvsroot/eclipse,
plugin@org.eclipse.search=r341_v20080813-0800,:pserver:anonymous@dev.eclipse.org:/cvsroot/eclipse,

plugin@org.junit4=v20080617,:pserver:anonymous@dev.eclipse.org:/cvsroot/eclipse,
plugin@org.eclipse.jdt.junit=r342_v20090227,:pserver:anonymous@dev.eclipse.org:/cvsroot/eclipse,
plugin@org.eclipse.jdt.junit.runtime=v20080603-2000,:pserver:anonymous@dev.eclipse.org:/cvsroot/eclipse,
plugin@org.eclipse.jdt.junit4.runtime=v20080603-2000,:pserver:anonymous@dev.eclipse.org:/cvsroot/eclipse,

plugin@org.eclipse.jdt.ui.examples.projects=v20080617,:pserver:anonymous@dev.eclipse.org:/cvsroot/eclipse,
plugin@org.eclipse.jdt.ui.tests=r342_v20081022-0800,:pserver:anonymous@dev.eclipse.org:/cvsroot/eclipse,
plugin@org.eclipse.jdt.ui.tests.refactoring=v20080603-2000,:pserver:anonymous@dev.eclipse.org:/cvsroot/eclipse,

plugin@org.eclipse.ltk.core.refactoring=r342_v20081028-0800,:pserver:anonymous@dev.eclipse.org:/cvsroot/eclipse,
plugin@org.eclipse.ltk.core.refactoring.tests=v20080603-2000,:pserver:anonymous@dev.eclipse.org:/cvsroot/eclipse,
plugin@org.eclipse.ltk.ui.refactoring=r341_v20080716-0800,:pserver:anonymous@dev.eclipse.org:/cvsroot/eclipse,
plugin@org.eclipse.ltk.ui.refactoring.tests=v20080603-2000,:pserver:anonymous@dev.eclipse.org:/cvsroot/eclipse,

plugin@org.eclipse.jdt.core.manipulation=v20080603-2000,:pserver:anonymous@dev.eclipse.org:/cvsroot/eclipse,