!***************  RELENG CONTRIBUTION  ******************************************************

feature@org.eclipse.sdk.examples-feature=r201_v20020723, :pserver:anonymous@dev.eclipse.org:/home/eclipse,
feature@org.eclipse.sdk.examples.win32-feature=r201_v20020723, :pserver:anonymous@dev.eclipse.org:/home/eclipse,
feature@org.eclipse.sdk.tests-feature=r201_v20020807, :pserver:anonymous@dev.eclipse.org:/home/eclipse,

plugin@org.eclipse.sdk.examples=r201_v20020723, :pserver:anonymous@dev.eclipse.org:/home/eclipse,
plugin@org.eclipse.sdk.examples.win32=r201_v20020723, :pserver:anonymous@dev.eclipse.org:/home/eclipse,
plugin@org.eclipse.sdk.tests=r201_v20020723, :pserver:anonymous@dev.eclipse.org:/home/eclipse,

feature@org.eclipse.sdk.win32-feature = r201_v20020723,:pserver:anonymous@dev.eclipse.org:/home/eclipse,
feature@org.eclipse.sdk.linux.motif-feature = r201_v20020723,:pserver:anonymous@dev.eclipse.org:/home/eclipse,
feature@org.eclipse.sdk.aix.motif-feature = r201_v20020723,:pserver:anonymous@dev.eclipse.org:/home/eclipse,
feature@org.eclipse.sdk.solaris.motif-feature = r201_v20020723,:pserver:anonymous@dev.eclipse.org:/home/eclipse,
feature@org.eclipse.sdk.hpux.motif-feature = r201_v20020723,:pserver:anonymous@dev.eclipse.org:/home/eclipse,
feature@org.eclipse.sdk.linux.gtk-feature = r201_v20020723,:pserver:anonymous@dev.eclipse.org:/home/eclipse,
feature@org.eclipse.sdk.qnx.photon-feature = r201_v20020723,:pserver:anonymous@dev.eclipse.org:/home/eclipse,

plugin@org.eclipse.sdk.win32 = r201_v20020723,:pserver:anonymous@dev.eclipse.org:/home/eclipse,
plugin@org.eclipse.sdk.linux.motif = r201_v20020723,:pserver:anonymous@dev.eclipse.org:/home/eclipse,
plugin@org.eclipse.sdk.aix.motif = r201_v20020723,:pserver:anonymous@dev.eclipse.org:/home/eclipse,
plugin@org.eclipse.sdk.hpux.motif = r201_v20020723,:pserver:anonymous@dev.eclipse.org:/home/eclipse,
plugin@org.eclipse.sdk.linux.gtk = r201_v20020723,:pserver:anonymous@dev.eclipse.org:/home/eclipse,
plugin@org.eclipse.sdk.qnx.photon = r201_v20020723,:pserver:anonymous@dev.eclipse.org:/home/eclipse,
plugin@org.eclipse.sdk.solaris.motif = r201_v20020723,:pserver:anonymous@dev.eclipse.org:/home/eclipse,

feature@org.eclipse.team.extras-feature=r201_v20020723,:pserver:anonymous@dev.eclipse.org:/home/eclipse,
plugin@org.eclipse.team.extras=r201_v20020723,:pserver:anonymous@dev.eclipse.org:/home/eclipse,
