!***************  RELENG CONTRIBUTION  ******************************************************

feature@org.eclipse.sdk.examples-feature=r202_v20021015, :pserver:anonymous@dev.eclipse.org:/home/eclipse,
feature@org.eclipse.sdk.examples.win32-feature=r203_v20021126, :pserver:anonymous@dev.eclipse.org:/home/eclipse,
feature@org.eclipse.sdk.tests-feature=r202_v20021015, :pserver:anonymous@dev.eclipse.org:/home/eclipse,

plugin@org.eclipse.sdk.examples=r202_v20021002, :pserver:anonymous@dev.eclipse.org:/home/eclipse,
plugin@org.eclipse.sdk.examples.win32=r202_v20021002, :pserver:anonymous@dev.eclipse.org:/home/eclipse,
plugin@org.eclipse.sdk.tests=r202_v20020916, :pserver:anonymous@dev.eclipse.org:/home/eclipse,

feature@org.eclipse.sdk.win32-feature =v2031_20030401,:pserver:anonymous@dev.eclipse.org:/home/eclipse,
feature@org.eclipse.sdk.linux.motif-feature =v2031_20030401,:pserver:anonymous@dev.eclipse.org:/home/eclipse,
feature@org.eclipse.sdk.aix.motif-feature =v2031_20030401,:pserver:anonymous@dev.eclipse.org:/home/eclipse,
feature@org.eclipse.sdk.solaris.motif-feature =v2031_20030401,:pserver:anonymous@dev.eclipse.org:/home/eclipse,
feature@org.eclipse.sdk.hpux.motif-feature =v2031_20030401,:pserver:anonymous@dev.eclipse.org:/home/eclipse,
feature@org.eclipse.sdk.linux.gtk-feature =v2031_20030401,:pserver:anonymous@dev.eclipse.org:/home/eclipse,
feature@org.eclipse.sdk.qnx.photon-feature =v2031_20030401,:pserver:anonymous@dev.eclipse.org:/home/eclipse,

plugin@org.eclipse.sdk.win32 =v2031_20030401,:pserver:anonymous@dev.eclipse.org:/home/eclipse,
plugin@org.eclipse.sdk.linux.motif =v2031_20030401a,:pserver:anonymous@dev.eclipse.org:/home/eclipse,
plugin@org.eclipse.sdk.aix.motif =v2031_20030401,:pserver:anonymous@dev.eclipse.org:/home/eclipse,
plugin@org.eclipse.sdk.hpux.motif =v2031_20030401,:pserver:anonymous@dev.eclipse.org:/home/eclipse,
plugin@org.eclipse.sdk.linux.gtk =v2031_20030401,:pserver:anonymous@dev.eclipse.org:/home/eclipse,
plugin@org.eclipse.sdk.qnx.photon =v2031_20030401,:pserver:anonymous@dev.eclipse.org:/home/eclipse,
plugin@org.eclipse.sdk.solaris.motif =v2031_20030401,:pserver:anonymous@dev.eclipse.org:/home/eclipse,


feature@org.eclipse.team.extras-feature=r202_v20021015,:pserver:anonymous@dev.eclipse.org:/home/eclipse,
plugin@org.eclipse.team.extras=r202_v20020916,:pserver:anonymous@dev.eclipse.org:/home/eclipse,
