!***************  RELENG CONTRIBUTION  ******************************************************

feature@org.eclipse.sdk.examples-feature=r211_v20030425a, :pserver:anonymous@dev.eclipse.org:/home/eclipse,
feature@org.eclipse.sdk.examples.win32-feature=r211_v20030425a, :pserver:anonymous@dev.eclipse.org:/home/eclipse,
feature@org.eclipse.sdk.tests-feature=r211_v20030430a, :pserver:anonymous@dev.eclipse.org:/home/eclipse,

plugin@org.eclipse.releng.tests=r211_v20030505, :pserver:anonymous@dev.eclipse.org:/home/eclipse,

plugin@org.eclipse.sdk.examples=r211_v20030425a, :pserver:anonymous@dev.eclipse.org:/home/eclipse,
plugin@org.eclipse.sdk.examples.win32=r211_v20030425a, :pserver:anonymous@dev.eclipse.org:/home/eclipse,
plugin@org.eclipse.sdk.tests=r211_v20030429, :pserver:anonymous@dev.eclipse.org:/home/eclipse,

feature@org.eclipse.sdk.win32-feature =r211_v20030425a,:pserver:anonymous@dev.eclipse.org:/home/eclipse,
feature@org.eclipse.sdk.linux.motif-feature =r211_v20030425a,:pserver:anonymous@dev.eclipse.org:/home/eclipse,
feature@org.eclipse.sdk.aix.motif-feature =r211_v20030425a,:pserver:anonymous@dev.eclipse.org:/home/eclipse,
feature@org.eclipse.sdk.solaris.motif-feature =r211_v20030425a,:pserver:anonymous@dev.eclipse.org:/home/eclipse,
feature@org.eclipse.sdk.hpux.motif-feature =r211_v20030425a,:pserver:anonymous@dev.eclipse.org:/home/eclipse,
feature@org.eclipse.sdk.linux.gtk-feature =r211_v20030425a,:pserver:anonymous@dev.eclipse.org:/home/eclipse,
feature@org.eclipse.sdk.qnx.photon-feature =r211_v20030425a,:pserver:anonymous@dev.eclipse.org:/home/eclipse,
feature@org.eclipse.sdk.macosx.carbon-feature =r211_v20030425a,:pserver:anonymous@dev.eclipse.org:/home/eclipse,

plugin@org.eclipse.sdk.win32 =r211_v20030425a,:pserver:anonymous@dev.eclipse.org:/home/eclipse,
plugin@org.eclipse.sdk.linux.motif =r211_v20030425a,:pserver:anonymous@dev.eclipse.org:/home/eclipse,
plugin@org.eclipse.sdk.aix.motif =r211_v20030425a,:pserver:anonymous@dev.eclipse.org:/home/eclipse,
plugin@org.eclipse.sdk.hpux.motif =r211_v20030425a,:pserver:anonymous@dev.eclipse.org:/home/eclipse,
plugin@org.eclipse.sdk.linux.gtk =r211_v20030425a,:pserver:anonymous@dev.eclipse.org:/home/eclipse,
plugin@org.eclipse.sdk.qnx.photon =r211_v20030425a,:pserver:anonymous@dev.eclipse.org:/home/eclipse,
plugin@org.eclipse.sdk.solaris.motif =r211_v20030425a,:pserver:anonymous@dev.eclipse.org:/home/eclipse,
plugin@org.eclipse.sdk.macosx.carbon =r211_v20030425a,:pserver:anonymous@dev.eclipse.org:/home/eclipse,

feature@org.eclipse.team.extras-feature=v20020917,:pserver:anonymous@dev.eclipse.org:/home/eclipse,
plugin@org.eclipse.team.extras=v20030401,:pserver:anonymous@dev.eclipse.org:/home/eclipse,

plugin@org.eclipse.test=v20030508,:pserver:anonymous@dev.eclipse.org:/home/eclipse,
fragment@org.eclipse.ant.optional.junit=v20030401,:pserver:anonymous@dev.eclipse.org:/home/eclipse,
