!***************  SWT CONTRIBUTION  ******************************************************** 

plugin@platform-launcher=v2133d, :pserver:anonymous@dev.eclipse.org:/home/eclipse,

plugin@org.eclipse.swt=v2135i, :pserver:anonymous@dev.eclipse.org:/home/eclipse,
fragment@org.eclipse.swt.carbon=v2135f, :pserver:anonymous@dev.eclipse.org:/home/eclipse,
fragment@org.eclipse.swt.gtk=v2135f, :pserver:anonymous@dev.eclipse.org:/home/eclipse,
fragment@org.eclipse.swt.motif=v2135i, :pserver:anonymous@dev.eclipse.org:/home/eclipse,
fragment@org.eclipse.swt.photon=v2135f, :pserver:anonymous@dev.eclipse.org:/home/eclipse,
fragment@org.eclipse.swt.win32=v2135f, :pserver:anonymous@dev.eclipse.org:/home/eclipse,

plugin@org.eclipse.swt.examples=v2135e, :pserver:anonymous@dev.eclipse.org:/home/eclipse,
plugin@org.eclipse.swt.examples.controls=v2135b, :pserver:anonymous@dev.eclipse.org:/home/eclipse,
plugin@org.eclipse.swt.examples.launcher=v2135b, :pserver:anonymous@dev.eclipse.org:/home/eclipse,
plugin@org.eclipse.swt.examples.layouts=v2135b, :pserver:anonymous@dev.eclipse.org:/home/eclipse,
plugin@org.eclipse.swt.examples.ole.win32=v2135b, :pserver:anonymous@dev.eclipse.org:/home/eclipse,
plugin@org.eclipse.swt.examples.paint=v2135b, :pserver:anonymous@dev.eclipse.org:/home/eclipse,

plugin@org.eclipse.swt.tests=v2132c, :pserver:anonymous@dev.eclipse.org:/home/eclipse,
