!***************  TEAM CONTRIBUTION  ******************************************************** 

plugin@org.eclipse.team.core=HEAD,:pserver:anonymous@dev.eclipse.org:/cvsroot/eclipse,
plugin@org.eclipse.team.cvs.core=HEAD,:pserver:anonymous@dev.eclipse.org:/cvsroot/eclipse,
plugin@org.eclipse.team.cvs.ssh=HEAD,:pserver:anonymous@dev.eclipse.org:/cvsroot/eclipse,
plugin@org.eclipse.team.cvs.ssh2=HEAD,:pserver:anonymous@dev.eclipse.org:/cvsroot/eclipse,
plugin@org.eclipse.team.ui=HEAD,:pserver:anonymous@dev.eclipse.org:/cvsroot/eclipse,
plugin@org.eclipse.team.cvs.ui=HEAD,:pserver:anonymous@dev.eclipse.org:/cvsroot/eclipse,

plugin@org.eclipse.core.net=HEAD,:pserver:anonymous@dev.eclipse.org:/cvsroot/eclipse,
plugin@org.eclipse.ui.net=HEAD,:pserver:anonymous@dev.eclipse.org:/cvsroot/eclipse,
plugin@org.eclipse.core.tests.net=HEAD,:pserver:anonymous@dev.eclipse.org:/cvsroot/eclipse,
plugin@org.eclipse.jsch.core=HEAD,:pserver:anonymous@dev.eclipse.org:/cvsroot/eclipse,
plugin@org.eclipse.jsch.ui=HEAD,:pserver:anonymous@dev.eclipse.org:/cvsroot/eclipse,
plugin@org.eclipse.jsch.tests=HEAD,:pserver:anonymous@dev.eclipse.org:/cvsroot/eclipse,

plugin@org.eclipse.team.examples.filesystem=HEAD,:pserver:anonymous@dev.eclipse.org:/cvsroot/eclipse,

plugin@org.eclipse.team.tests.core=HEAD,:pserver:anonymous@dev.eclipse.org:/cvsroot/eclipse,
plugin@org.eclipse.team.tests.cvs.core=HEAD,:pserver:anonymous@dev.eclipse.org:/cvsroot/eclipse,
fragment@org.eclipse.core.net.win32.x86=HEAD,:pserver:anonymous@dev.eclipse.org:/cvsroot/eclipse,,org.eclipse.core.net/fragments/org.eclipse.core.net.win32.x86
fragment@org.eclipse.core.net.linux.x86=HEAD,:pserver:anonymous@dev.eclipse.org:/cvsroot/eclipse,,org.eclipse.core.net/fragments/org.eclipse.core.net.linux.x86
fragment@org.eclipse.core.net.linux.x86_64=HEAD,:pserver:anonymous@dev.eclipse.org:/cvsroot/eclipse,,org.eclipse.core.net/fragments/org.eclipse.core.net.linux.x86_64
fragment@org.eclipse.core.net.win32.x86_64=HEAD,:pserver:anonymous@dev.eclipse.org:/cvsroot/eclipse,,org.eclipse.core.net/fragments/org.eclipse.core.net.win32.x86_64