!***************  TEXT CONTRIBUTION  ******************************************************** 

plugin@org.eclipse.text=r301_v20040908,:pserver:anonymous@dev.eclipse.org:/home/eclipse,
plugin@org.eclipse.jface.text=r301_v20040804_0800,:pserver:anonymous@dev.eclipse.org:/home/eclipse,
plugin@org.eclipse.ui.workbench.texteditor=r301_v20040908a,:pserver:anonymous@dev.eclipse.org:/home/eclipse,
plugin@org.eclipse.ui.editors=r301_v20040908a,:pserver:anonymous@dev.eclipse.org:/home/eclipse,
plugin@org.eclipse.core.filebuffers=r301_v20040826,:pserver:anonymous@dev.eclipse.org:/home/eclipse,

plugin@org.eclipse.ui.examples.javaeditor=v20040625_1200,:pserver:anonymous@dev.eclipse.org:/home/eclipse,

plugin@org.eclipse.text.tests=v20041126_perf301,:pserver:anonymous@dev.eclipse.org:/home/eclipse,
plugin@org.eclipse.jface.text.tests=v20041126_perf301,:pserver:anonymous@dev.eclipse.org:/home/eclipse,
plugin@org.eclipse.core.filebuffers.tests=v20041126_perf301,:pserver:anonymous@dev.eclipse.org:/home/eclipse,
plugin@org.eclipse.ui.workbench.texteditor.tests=v20041126_perf301,:pserver:anonymous@dev.eclipse.org:/home/eclipse,
plugin@org.eclipse.ui.editors.tests=v20041126_perf301,:pserver:anonymous@dev.eclipse.org:/home/eclipse,
plugin@org.eclipse.jdt.text.tests=perf_301_v20050125,:pserver:anonymous@dev.eclipse.org:/home/eclipse,