!***************  TEXT CONTRIBUTION  ******************************************************** 

plugin@org.eclipse.text=v20050627-1400,:pserver:anonymous@dev.eclipse.org:/home/eclipse,
plugin@org.eclipse.jface.text=r311_v20050901,:pserver:anonymous@dev.eclipse.org:/home/eclipse,
plugin@org.eclipse.ui.workbench.texteditor=r311_v20050830-1200,:pserver:anonymous@dev.eclipse.org:/home/eclipse,
plugin@org.eclipse.ui.editors=r311_v20050902,:pserver:anonymous@dev.eclipse.org:/home/eclipse,
plugin@org.eclipse.core.filebuffers=v20050623-1200,:pserver:anonymous@dev.eclipse.org:/home/eclipse,

plugin@org.eclipse.ui.examples.javaeditor=r311_v20050830-1200,:pserver:anonymous@dev.eclipse.org:/home/eclipse,

plugin@org.eclipse.text.tests=v20050623-1200,:pserver:anonymous@dev.eclipse.org:/home/eclipse,
plugin@org.eclipse.jface.text.tests=v20050623-1200,:pserver:anonymous@dev.eclipse.org:/home/eclipse,
plugin@org.eclipse.core.filebuffers.tests=v20050623-1200,:pserver:anonymous@dev.eclipse.org:/home/eclipse,
plugin@org.eclipse.ui.workbench.texteditor.tests=v20050623-1200,:pserver:anonymous@dev.eclipse.org:/home/eclipse,
plugin@org.eclipse.ui.editors.tests=v20050623-1200,:pserver:anonymous@dev.eclipse.org:/home/eclipse,
plugin@org.eclipse.jdt.text.tests=v20050623-1200,:pserver:anonymous@dev.eclipse.org:/home/eclipse,