!***************  UI CONTRIBUTION  ******************************************************** 

plugin@org.eclipse.jface=v20050311-0800,:pserver:anonymous@dev.eclipse.org:/home/eclipse,
plugin@org.eclipse.ui=r3024_v20060308,:pserver:anonymous@dev.eclipse.org:/home/eclipse,
plugin@org.eclipse.ui.ide=v20050311-0800,:pserver:anonymous@dev.eclipse.org:/home/eclipse,
plugin@org.eclipse.ui.workbench=r3024_v20060308,:pserver:anonymous@dev.eclipse.org:/home/eclipse,
fragment@org.eclipse.ui.workbench.compatibility=v200406222000,:pserver:anonymous@dev.eclipse.org:/home/eclipse,
plugin@org.eclipse.ui.views=v200406231600,:pserver:anonymous@dev.eclipse.org:/home/eclipse,
fragment@org.eclipse.ui.win32=v20040720,:pserver:anonymous@dev.eclipse.org:/home/eclipse,
fragment@org.eclipse.ui.carbon=v20040604_1600,:pserver:anonymous@dev.eclipse.org:/home/eclipse,
plugin@org.eclipse.ui.presentations.r21=v200407141200,:pserver:anonymous@dev.eclipse.org:/home/eclipse,

plugin@org.eclipse.ui.forms=R301_v20040717,:pserver:anonymous@dev.eclipse.org:/home/eclipse,

plugin@org.eclipse.ui.cheatsheets=v20040715b,:pserver:anonymous@dev.eclipse.org:/home/eclipse,
plugin@org.eclipse.ui.intro=r301_v20050211,:pserver:anonymous@dev.eclipse.org:/home/eclipse,


plugin@org.eclipse.ui.examples.multipageeditor=v20040218a,:pserver:anonymous@dev.eclipse.org:/home/eclipse,
plugin@org.eclipse.ui.examples.propertysheet=v20040316,:pserver:anonymous@dev.eclipse.org:/home/eclipse,
plugin@org.eclipse.ui.examples.readmetool=v20040218a,:pserver:anonymous@dev.eclipse.org:/home/eclipse,

plugin@org.eclipse.ui.tests=v20050311-0800,:pserver:anonymous@dev.eclipse.org:/home/eclipse,