!***************  UA CONTRIBUTION  *********************************************

!**** Help
plugin@org.eclipse.help=HEAD,:pserver:anonymous@dev.eclipse.org:/cvsroot/eclipse,
plugin@org.eclipse.help.appserver=HEAD,:pserver:anonymous@dev.eclipse.org:/cvsroot/eclipse,
plugin@org.eclipse.help.base=HEAD,:pserver:anonymous@dev.eclipse.org:/cvsroot/eclipse,
plugin@org.eclipse.help.ui=HEAD,:pserver:anonymous@dev.eclipse.org:/cvsroot/eclipse,
plugin@org.eclipse.help.webapp=HEAD,:pserver:anonymous@dev.eclipse.org:/cvsroot/eclipse,

!**** Welcome
plugin@org.eclipse.ui.intro=HEAD,:pserver:anonymous@dev.eclipse.org:/cvsroot/eclipse,
plugin@org.eclipse.ui.intro.universal=HEAD,:pserver:anonymous@dev.eclipse.org:/cvsroot/eclipse,

!**** Cheat sheets
plugin@org.eclipse.ui.cheatsheets=HEAD,:pserver:anonymous@dev.eclipse.org:/cvsroot/eclipse,

!**** Browser
plugin@org.eclipse.ui.browser=HEAD,:pserver:anonymous@dev.eclipse.org:/cvsroot/eclipse,

!**** Forms
plugin@org.eclipse.ui.forms=HEAD,:pserver:anonymous@dev.eclipse.org:/cvsroot/eclipse,

!**** Tests
plugin@org.eclipse.ua.tests=HEAD,:pserver:anonymous@dev.eclipse.org:/cvsroot/eclipse,
plugin@org.eclipse.ua.tests.doc=HEAD,:pserver:anonymous@dev.eclipse.org:/cvsroot/eclipse,
plugin@org.eclipse.ui.tests.forms=HEAD,:pserver:anonymous@dev.eclipse.org:/cvsroot/eclipse,