!***************  UA CONTRIBUTION  *********************************************

!**** Help
plugin@org.eclipse.help=r35x_20110225,:pserver:anonymous@dev.eclipse.org:/cvsroot/eclipse,
plugin@org.eclipse.help.appserver=r35x_20110225,:pserver:anonymous@dev.eclipse.org:/cvsroot/eclipse,
plugin@org.eclipse.help.base=r35x_20110225,:pserver:anonymous@dev.eclipse.org:/cvsroot/eclipse,
plugin@org.eclipse.help.ui=r35x_20110225,:pserver:anonymous@dev.eclipse.org:/cvsroot/eclipse,
plugin@org.eclipse.help.webapp=r35x_20110308,:pserver:anonymous@dev.eclipse.org:/cvsroot/eclipse,

!**** Welcome
plugin@org.eclipse.ui.intro=r35x_20110225,:pserver:anonymous@dev.eclipse.org:/cvsroot/eclipse,
plugin@org.eclipse.ui.intro.universal=r35x_20110225,:pserver:anonymous@dev.eclipse.org:/cvsroot/eclipse,

!**** Cheat sheets
plugin@org.eclipse.ui.cheatsheets=r35x_20110225,:pserver:anonymous@dev.eclipse.org:/cvsroot/eclipse,

!**** Browser
plugin@org.eclipse.ui.browser=r35x_20110225,:pserver:anonymous@dev.eclipse.org:/cvsroot/eclipse,

!**** Forms
plugin@org.eclipse.ui.forms=r35x_20110225,:pserver:anonymous@dev.eclipse.org:/cvsroot/eclipse,

!**** Tests
plugin@org.eclipse.ua.tests=r35x_20110225,:pserver:anonymous@dev.eclipse.org:/cvsroot/eclipse,
plugin@org.eclipse.ui.tests.forms=r35x_20110225,:pserver:anonymous@dev.eclipse.org:/cvsroot/eclipse,