!***************  UA CONTRIBUTION  *********************************************

!**** Help
plugin@org.eclipse.help=v20081014_34x,:pserver:anonymous@dev.eclipse.org:/cvsroot/eclipse,
plugin@org.eclipse.help.appserver=v20080507,:pserver:anonymous@dev.eclipse.org:/cvsroot/eclipse,
plugin@org.eclipse.help.base=r34x_20100823,:pserver:anonymous@dev.eclipse.org:/cvsroot/eclipse,
plugin@org.eclipse.help.ui=v20100422_34x,:pserver:anonymous@dev.eclipse.org:/cvsroot/eclipse,
plugin@org.eclipse.help.webapp=r4x_20110225,:pserver:anonymous@dev.eclipse.org:/cvsroot/eclipse,

!**** Welcome
plugin@org.eclipse.ui.intro=v20080702_34x,:pserver:anonymous@dev.eclipse.org:/cvsroot/eclipse,
plugin@org.eclipse.ui.intro.universal=v20080508,:pserver:anonymous@dev.eclipse.org:/cvsroot/eclipse,

!**** Cheat sheets
plugin@org.eclipse.ui.cheatsheets=v20080702_34x,:pserver:anonymous@dev.eclipse.org:/cvsroot/eclipse,

!**** Browser
plugin@org.eclipse.ui.browser=v20100304_34x_2,:pserver:anonymous@dev.eclipse.org:/cvsroot/eclipse,

!**** Forms
plugin@org.eclipse.ui.forms=v20090423_34x,:pserver:anonymous@dev.eclipse.org:/cvsroot/eclipse,

!**** Tests
plugin@org.eclipse.ua.tests=r34x_20100823,:pserver:anonymous@dev.eclipse.org:/cvsroot/eclipse,
plugin@org.eclipse.ui.tests.forms=v20080611,:pserver:anonymous@dev.eclipse.org:/cvsroot/eclipse,